./calendar-python-quickstart2.json
./calendar-python-quickstart2.json
04/01/2016
2016-05-04T20:30:00-04:00 Rollingwood Court 1 - Reserved by Srinivas Ganti
2016-05-06T18:30:00-04:00 Rollingwood Court 1 - Reserved by Srinivas Ganti
2016-05-07T06:00:00-04:00 Tennis Court Reservation- Reserved by Venkata Ganti
2016-05-07T06:00:00-04:00 Tennis Court Reservation
2016-05-07T06:00:00-04:00 Tennis Court Reservation- Reserved by Venkata Ganti
2016-05-07T06:00:00-04:00 Tennis Court Reservation
2016-05-07T08:00:00-04:00 Tennis Court Reservation- Reserved by Venkata Ganti
2016-05-07T08:00:00-04:00 Tennis Slot Booking : Baradwaj Aryasomayajula
2016-05-07T08:00:00-04:00 Tennis Court Reservation- Reserved by Venkata Ganti
2016-05-07T08:00:00-04:00 Tennis Slot Booking : Baradwaj Aryasomayajula
*** 'Tennis Court Reservation- Reserved by Venkata Ganti' event added:
    Start: 2016-05-07T08:00:00-04:00
    End:   2016-05-07T09:30:00-04:00
Event created: https://www.google.com/calendar/event?eid=OXU4Y3NoN2xoamxubGhuazgwNzc0dHY4NTggY2luY29hY2Vyc0Bt
